*******************************************************************
* Summary-data-based Mendelian Randomization (SMR)
* Version 1.3.1
* (C) 2015 Futao Zhang, Zhihong Zhu and Jian Yang
* The University of Queensland
* MIT License
*******************************************************************
Analysis started: 9:57:13,Mon Sep 14,2026

Options:
--bfile eur_npr3
--gwas-summary ma_MI_finn_npr3.ma
--beqtl-summary NPR3eQTL
--out smr_NPR3eQTL__x__MI_finn_npr3
--thread-num 2

Reading GWAS summary data from [ma_MI_finn_npr3.ma].
GWAS summary data of 365 SNPs to be included from [ma_MI_finn_npr3.ma].

Analysis completed: 9:57:13,Mon Sep 14,2026
Computational time: 0:0:0

=== STDERR ===

ERROR: can not open the file [NPR3eQTL.esi] to read.
