*******************************************************************
* Summary-data-based Mendelian Randomization (SMR)
* Version 1.3.1
* (C) 2015 Futao Zhang, Zhihong Zhu and Jian Yang
* The University of Queensland
* MIT License
*******************************************************************
Analysis started: 9:57:10,Mon Sep 14,2026

Options:
--bfile eur_nppa
--gwas-summary ma_stroke_nppa.ma
--beqtl-summary SCALLOP
--out smr_SCALLOP__x__stroke_nppa
--thread-num 2

Reading GWAS summary data from [ma_stroke_nppa.ma].
GWAS summary data of 585 SNPs to be included from [ma_stroke_nppa.ma].

Analysis completed: 9:57:10,Mon Sep 14,2026
Computational time: 0:0:0

=== STDERR ===

ERROR: can not open the file [SCALLOP.esi] to read.
